exit_code=1

STDOUT:


STDERR:
Traceback (most recent call last):
  File "/home/anthony/Klaravex2.0/growth/research/klaravex_worker.py", line 383, in <module>
    raise SystemExit(main())
                     ~~~~^^
  File "/home/anthony/Klaravex2.0/growth/research/klaravex_worker.py", line 379, in main
    return asyncio.run(_run(args))
           ~~~~~~~~~~~^^^^^^^^^^^^
  File "/usr/lib/python3.14/asyncio/runners.py", line 204, in run
    return runner.run(main)
           ~~~~~~~~~~^^^^^^
  File "/usr/lib/python3.14/asyncio/runners.py", line 127, in run
    return self._loop.run_until_complete(task)
           ~~~~~~~~~~~~~~~~~~~~~~~~~~~~~^^^^^^
  File "/usr/lib/python3.14/asyncio/base_events.py", line 719, in run_until_complete
    return future.result()
           ~~~~~~~~~~~~~^^
  File "/home/anthony/Klaravex2.0/growth/research/klaravex_worker.py", line 272, in _run
    from growth.research.hunter_enrich import enrich_shortlist, hunter_enabled
  File "/home/anthony/Klaravex2.0/growth/research/hunter_enrich.py", line 174
    return prospect
                   ^
IndentationError: unindent does not match any outer indentation level
