[2026-06-09T09:59:22.567Z] [log] JQMIGRATE: Migrate is installed, version 3.4.1
[2026-06-09T09:59:36.991Z] [log] JQMIGRATE: Migrate is installed, version 3.4.1
[2026-06-09T09:59:40.666Z] [log] JQMIGRATE: Migrate is installed, version 3.4.1
[2026-06-09T09:59:46.101Z] [log] JQMIGRATE: Migrate is installed, version 3.4.1
[2026-06-09T10:05:59.453Z] [error] The Content Security Policy directive 'upgrade-insecure-requests' is ignored when delivered in a report-only policy.
[2026-06-09T10:12:20.672Z] [log] JQMIGRATE: Migrate is installed, version 3.4.1
[2026-06-09T10:12:25.993Z] [log] JQMIGRATE: Migrate is installed, version 3.4.1
[2026-06-09T10:12:31.654Z] [log] JQMIGRATE: Migrate is installed, version 3.4.1
[2026-06-09T10:12:37.723Z] [error] Unexpected duplicate view-transition-name: toplevel_page_wpfastestcacheoptions
[2026-06-09T10:12:37.728Z] [error] The Content Security Policy directive 'upgrade-insecure-requests' is ignored when delivered in a report-only policy.
[2026-06-09T10:12:37.749Z] [info] Loading the script 'https://unpkg.com/@phosphor-icons/web@2.1.1/src/index.js' violates the following Content Security Policy directive: "script-src 'self' 'unsafe-inline' 'unsafe-eval' https://www.googletagmanager.com https://www.google-analytics.com https://stats.wp.com https://assets.calendly.com". Note that 'script-src-elem' was not explicitly set, so 'script-src' is used as a fallback. The policy is report-only, so the violation has been logged but no further action has been taken.
[2026-06-09T10:12:37.749Z] [info] Loading the stylesheet 'https://unpkg.com/@phosphor-icons/web@2.1.1/src/regular/style.css' violates the following Content Security Policy directive: "style-src 'self' 'unsafe-inline' https://fonts.googleapis.com https://assets.calendly.com". Note that 'style-src-elem' was not explicitly set, so 'style-src' is used as a fallback. The policy is report-only, so the violation has been logged but no further action has been taken.
[2026-06-09T10:12:37.749Z] [info] Loading the stylesheet 'https://unpkg.com/@phosphor-icons/web@2.1.1/src/thin/style.css' violates the following Content Security Policy directive: "style-src 'self' 'unsafe-inline' https://fonts.googleapis.com https://assets.calendly.com". Note that 'style-src-elem' was not explicitly set, so 'style-src' is used as a fallback. The policy is report-only, so the violation has been logged but no further action has been taken.
[2026-06-09T10:12:37.750Z] [info] Loading the stylesheet 'https://unpkg.com/@phosphor-icons/web@2.1.1/src/light/style.css' violates the following Content Security Policy directive: "style-src 'self' 'unsafe-inline' https://fonts.googleapis.com https://assets.calendly.com". Note that 'style-src-elem' was not explicitly set, so 'style-src' is used as a fallback. The policy is report-only, so the violation has been logged but no further action has been taken.
[2026-06-09T10:12:37.750Z] [info] Loading the stylesheet 'https://unpkg.com/@phosphor-icons/web@2.1.1/src/bold/style.css' violates the following Content Security Policy directive: "style-src 'self' 'unsafe-inline' https://fonts.googleapis.com https://assets.calendly.com". Note that 'style-src-elem' was not explicitly set, so 'style-src' is used as a fallback. The policy is report-only, so the violation has been logged but no further action has been taken.
[2026-06-09T10:12:37.750Z] [info] Loading the stylesheet 'https://unpkg.com/@phosphor-icons/web@2.1.1/src/fill/style.css' violates the following Content Security Policy directive: "style-src 'self' 'unsafe-inline' https://fonts.googleapis.com https://assets.calendly.com". Note that 'style-src-elem' was not explicitly set, so 'style-src' is used as a fallback. The policy is report-only, so the violation has been logged but no further action has been taken.
[2026-06-09T10:12:37.750Z] [info] Loading the stylesheet 'https://unpkg.com/@phosphor-icons/web@2.1.1/src/duotone/style.css' violates the following Content Security Policy directive: "style-src 'self' 'unsafe-inline' https://fonts.googleapis.com https://assets.calendly.com". Note that 'style-src-elem' was not explicitly set, so 'style-src' is used as a fallback. The policy is report-only, so the violation has been logged but no further action has been taken.
[2026-06-09T10:12:37.771Z] [log] JQMIGRATE: Migrate is installed, version 3.4.1
[2026-06-09T10:12:37.777Z] [info] Loading the font 'https://unpkg.com/@phosphor-icons/web@2.1.1/src/regular/Phosphor.woff2' violates the following Content Security Policy directive: "font-src 'self' data: https://fonts.gstatic.com https://assets.calendly.com". The policy is report-only, so the violation has been logged but no further action has been taken.
[2026-06-09T10:12:37.777Z] [info] Loading the font 'https://unpkg.com/@phosphor-icons/web@2.1.1/src/regular/Phosphor.woff' violates the following Content Security Policy directive: "font-src 'self' data: https://fonts.gstatic.com https://assets.calendly.com". The policy is report-only, so the violation has been logged but no further action has been taken.
[2026-06-09T10:12:37.777Z] [info] Loading the font 'https://unpkg.com/@phosphor-icons/web@2.1.1/src/regular/Phosphor.ttf' violates the following Content Security Policy directive: "font-src 'self' data: https://fonts.gstatic.com https://assets.calendly.com". The policy is report-only, so the violation has been logged but no further action has been taken.
[2026-06-09T10:12:37.777Z] [info] Loading the font 'https://unpkg.com/@phosphor-icons/web@2.1.1/src/thin/Phosphor-Thin.woff2' violates the following Content Security Policy directive: "font-src 'self' data: https://fonts.gstatic.com https://assets.calendly.com". The policy is report-only, so the violation has been logged but no further action has been taken.
[2026-06-09T10:12:37.777Z] [info] Loading the font 'https://unpkg.com/@phosphor-icons/web@2.1.1/src/thin/Phosphor-Thin.woff' violates the following Content Security Policy directive: "font-src 'self' data: https://fonts.gstatic.com https://assets.calendly.com". The policy is report-only, so the violation has been logged but no further action has been taken.
[2026-06-09T10:12:37.777Z] [info] Loading the font 'https://unpkg.com/@phosphor-icons/web@2.1.1/src/thin/Phosphor-Thin.ttf' violates the following Content Security Policy directive: "font-src 'self' data: https://fonts.gstatic.com https://assets.calendly.com". The policy is report-only, so the violation has been logged but no further action has been taken.
[2026-06-09T10:12:37.777Z] [info] Loading the font 'https://unpkg.com/@phosphor-icons/web@2.1.1/src/light/Phosphor-Light.woff2' violates the following Content Security Policy directive: "font-src 'self' data: https://fonts.gstatic.com https://assets.calendly.com". The policy is report-only, so the violation has been logged but no further action has been taken.
[2026-06-09T10:12:37.777Z] [info] Loading the font 'https://unpkg.com/@phosphor-icons/web@2.1.1/src/light/Phosphor-Light.woff' violates the following Content Security Policy directive: "font-src 'self' data: https://fonts.gstatic.com https://assets.calendly.com". The policy is report-only, so the violation has been logged but no further action has been taken.
[2026-06-09T10:12:37.777Z] [info] Loading the font 'https://unpkg.com/@phosphor-icons/web@2.1.1/src/light/Phosphor-Light.ttf' violates the following Content Security Policy directive: "font-src 'self' data: https://fonts.gstatic.com https://assets.calendly.com". The policy is report-only, so the violation has been logged but no further action has been taken.
[2026-06-09T10:12:37.777Z] [info] Loading the font 'https://unpkg.com/@phosphor-icons/web@2.1.1/src/bold/Phosphor-Bold.woff2' violates the following Content Security Policy directive: "font-src 'self' data: https://fonts.gstatic.com https://assets.calendly.com". The policy is report-only, so the violation has been logged but no further action has been taken.
[2026-06-09T10:12:37.777Z] [info] Loading the font 'https://unpkg.com/@phosphor-icons/web@2.1.1/src/bold/Phosphor-Bold.woff' violates the following Content Security Policy directive: "font-src 'self' data: https://fonts.gstatic.com https://assets.calendly.com". The policy is report-only, so the violation has been logged but no further action has been taken.
[2026-06-09T10:12:37.777Z] [info] Loading the font 'https://unpkg.com/@phosphor-icons/web@2.1.1/src/bold/Phosphor-Bold.ttf' violates the following Content Security Policy directive: "font-src 'self' data: https://fonts.gstatic.com https://assets.calendly.com". The policy is report-only, so the violation has been logged but no further action has been taken.
[2026-06-09T10:12:37.777Z] [info] Loading the font 'https://unpkg.com/@phosphor-icons/web@2.1.1/src/fill/Phosphor-Fill.woff2' violates the following Content Security Policy directive: "font-src 'self' data: https://fonts.gstatic.com https://assets.calendly.com". The policy is report-only, so the violation has been logged but no further action has been taken.
[2026-06-09T10:12:37.777Z] [info] Loading the font 'https://unpkg.com/@phosphor-icons/web@2.1.1/src/fill/Phosphor-Fill.woff' violates the following Content Security Policy directive: "font-src 'self' data: https://fonts.gstatic.com https://assets.calendly.com". The policy is report-only, so the violation has been logged but no further action has been taken.
[2026-06-09T10:12:37.777Z] [info] Loading the font 'https://unpkg.com/@phosphor-icons/web@2.1.1/src/fill/Phosphor-Fill.ttf' violates the following Content Security Policy directive: "font-src 'self' data: https://fonts.gstatic.com https://assets.calendly.com". The policy is report-only, so the violation has been logged but no further action has been taken.
[2026-06-09T10:12:37.777Z] [info] Loading the font 'https://unpkg.com/@phosphor-icons/web@2.1.1/src/duotone/Phosphor-Duotone.woff2' violates the following Content Security Policy directive: "font-src 'self' data: https://fonts.gstatic.com https://assets.calendly.com". The policy is report-only, so the violation has been logged but no further action has been taken.
[2026-06-09T10:12:37.777Z] [info] Loading the font 'https://unpkg.com/@phosphor-icons/web@2.1.1/src/duotone/Phosphor-Duotone.woff' violates the following Content Security Policy directive: "font-src 'self' data: https://fonts.gstatic.com https://assets.calendly.com". The policy is report-only, so the violation has been logged but no further action has been taken.
[2026-06-09T10:12:37.777Z] [info] Loading the font 'https://unpkg.com/@phosphor-icons/web@2.1.1/src/duotone/Phosphor-Duotone.ttf' violates the following Content Security Policy directive: "font-src 'self' data: https://fonts.gstatic.com https://assets.calendly.com". The policy is report-only, so the violation has been logged but no further action has been taken.
[2026-06-09T10:18:52.971Z] [error] The Content Security Policy directive 'upgrade-insecure-requests' is ignored when delivered in a report-only policy.
[2026-06-09T10:18:52.979Z] [log] JQMIGRATE: Migrate is installed, version 3.4.1
[2026-06-09T10:18:57.427Z] [error] The Content Security Policy directive 'upgrade-insecure-requests' is ignored when delivered in a report-only policy.
[2026-06-09T10:18:57.463Z] [log] JQMIGRATE: Migrate is installed, version 3.4.1
[2026-06-09T10:19:43.253Z] [error] The Content Security Policy directive 'upgrade-insecure-requests' is ignored when delivered in a report-only policy.
[2026-06-09T10:19:43.290Z] [log] JQMIGRATE: Migrate is installed, version 3.4.1
[2026-06-09T10:21:44.986Z] [error] The Content Security Policy directive 'upgrade-insecure-requests' is ignored when delivered in a report-only policy.
[2026-06-09T10:21:44.993Z] [log] JQMIGRATE: Migrate is installed, version 3.4.1
[2026-06-09T10:23:17.666Z] [error] The Content Security Policy directive 'upgrade-insecure-requests' is ignored when delivered in a report-only policy.
[2026-06-09T10:23:17.693Z] [log] JQMIGRATE: Migrate is installed, version 3.4.1
[2026-06-09T10:23:35.547Z] [error] The Content Security Policy directive 'upgrade-insecure-requests' is ignored when delivered in a report-only policy.
[2026-06-09T10:23:35.602Z] [log] JQMIGRATE: Migrate is installed, version 3.4.1
[2026-06-09T10:24:16.603Z] [error] The Content Security Policy directive 'upgrade-insecure-requests' is ignored when delivered in a report-only policy.
[2026-06-09T10:24:16.607Z] [info] Loading the script 'https://unpkg.com/@phosphor-icons/web@2.1.1/src/index.js' violates the following Content Security Policy directive: "script-src 'self' 'unsafe-inline' 'unsafe-eval' https://www.googletagmanager.com https://www.google-analytics.com https://stats.wp.com https://assets.calendly.com". Note that 'script-src-elem' was not explicitly set, so 'script-src' is used as a fallback. The policy is report-only, so the violation has been logged but no further action has been taken.
[2026-06-09T10:24:16.607Z] [info] Loading the stylesheet 'https://unpkg.com/@phosphor-icons/web@2.1.1/src/regular/style.css' violates the following Content Security Policy directive: "style-src 'self' 'unsafe-inline' https://fonts.googleapis.com https://assets.calendly.com". Note that 'style-src-elem' was not explicitly set, so 'style-src' is used as a fallback. The policy is report-only, so the violation has been logged but no further action has been taken.
[2026-06-09T10:24:16.608Z] [info] Loading the stylesheet 'https://unpkg.com/@phosphor-icons/web@2.1.1/src/thin/style.css' violates the following Content Security Policy directive: "style-src 'self' 'unsafe-inline' https://fonts.googleapis.com https://assets.calendly.com". Note that 'style-src-elem' was not explicitly set, so 'style-src' is used as a fallback. The policy is report-only, so the violation has been logged but no further action has been taken.
[2026-06-09T10:24:16.608Z] [info] Loading the stylesheet 'https://unpkg.com/@phosphor-icons/web@2.1.1/src/light/style.css' violates the following Content Security Policy directive: "style-src 'self' 'unsafe-inline' https://fonts.googleapis.com https://assets.calendly.com". Note that 'style-src-elem' was not explicitly set, so 'style-src' is used as a fallback. The policy is report-only, so the violation has been logged but no further action has been taken.
[2026-06-09T10:24:16.608Z] [info] Loading the stylesheet 'https://unpkg.com/@phosphor-icons/web@2.1.1/src/bold/style.css' violates the following Content Security Policy directive: "style-src 'self' 'unsafe-inline' https://fonts.googleapis.com https://assets.calendly.com". Note that 'style-src-elem' was not explicitly set, so 'style-src' is used as a fallback. The policy is report-only, so the violation has been logged but no further action has been taken.
[2026-06-09T10:24:16.608Z] [info] Loading the stylesheet 'https://unpkg.com/@phosphor-icons/web@2.1.1/src/fill/style.css' violates the following Content Security Policy directive: "style-src 'self' 'unsafe-inline' https://fonts.googleapis.com https://assets.calendly.com". Note that 'style-src-elem' was not explicitly set, so 'style-src' is used as a fallback. The policy is report-only, so the violation has been logged but no further action has been taken.
[2026-06-09T10:24:16.608Z] [info] Loading the stylesheet 'https://unpkg.com/@phosphor-icons/web@2.1.1/src/duotone/style.css' violates the following Content Security Policy directive: "style-src 'self' 'unsafe-inline' https://fonts.googleapis.com https://assets.calendly.com". Note that 'style-src-elem' was not explicitly set, so 'style-src' is used as a fallback. The policy is report-only, so the violation has been logged but no further action has been taken.
[2026-06-09T10:24:16.644Z] [log] JQMIGRATE: Migrate is installed, version 3.4.1
[2026-06-09T10:24:16.652Z] [info] Loading the font 'https://unpkg.com/@phosphor-icons/web@2.1.1/src/regular/Phosphor.woff2' violates the following Content Security Policy directive: "font-src 'self' data: https://fonts.gstatic.com https://assets.calendly.com". The policy is report-only, so the violation has been logged but no further action has been taken.
[2026-06-09T10:24:16.652Z] [info] Loading the font 'https://unpkg.com/@phosphor-icons/web@2.1.1/src/regular/Phosphor.woff' violates the following Content Security Policy directive: "font-src 'self' data: https://fonts.gstatic.com https://assets.calendly.com". The policy is report-only, so the violation has been logged but no further action has been taken.
[2026-06-09T10:24:16.652Z] [info] Loading the font 'https://unpkg.com/@phosphor-icons/web@2.1.1/src/regular/Phosphor.ttf' violates the following Content Security Policy directive: "font-src 'self' data: https://fonts.gstatic.com https://assets.calendly.com". The policy is report-only, so the violation has been logged but no further action has been taken.
[2026-06-09T10:24:16.652Z] [info] Loading the font 'https://unpkg.com/@phosphor-icons/web@2.1.1/src/thin/Phosphor-Thin.woff2' violates the following Content Security Policy directive: "font-src 'self' data: https://fonts.gstatic.com https://assets.calendly.com". The policy is report-only, so the violation has been logged but no further action has been taken.
[2026-06-09T10:24:16.652Z] [info] Loading the font 'https://unpkg.com/@phosphor-icons/web@2.1.1/src/thin/Phosphor-Thin.woff' violates the following Content Security Policy directive: "font-src 'self' data: https://fonts.gstatic.com https://assets.calendly.com". The policy is report-only, so the violation has been logged but no further action has been taken.
[2026-06-09T10:24:16.652Z] [info] Loading the font 'https://unpkg.com/@phosphor-icons/web@2.1.1/src/thin/Phosphor-Thin.ttf' violates the following Content Security Policy directive: "font-src 'self' data: https://fonts.gstatic.com https://assets.calendly.com". The policy is report-only, so the violation has been logged but no further action has been taken.
[2026-06-09T10:24:16.652Z] [info] Loading the font 'https://unpkg.com/@phosphor-icons/web@2.1.1/src/light/Phosphor-Light.woff2' violates the following Content Security Policy directive: "font-src 'self' data: https://fonts.gstatic.com https://assets.calendly.com". The policy is report-only, so the violation has been logged but no further action has been taken.
[2026-06-09T10:24:16.652Z] [info] Loading the font 'https://unpkg.com/@phosphor-icons/web@2.1.1/src/light/Phosphor-Light.woff' violates the following Content Security Policy directive: "font-src 'self' data: https://fonts.gstatic.com https://assets.calendly.com". The policy is report-only, so the violation has been logged but no further action has been taken.
[2026-06-09T10:24:16.652Z] [info] Loading the font 'https://unpkg.com/@phosphor-icons/web@2.1.1/src/light/Phosphor-Light.ttf' violates the following Content Security Policy directive: "font-src 'self' data: https://fonts.gstatic.com https://assets.calendly.com". The policy is report-only, so the violation has been logged but no further action has been taken.
[2026-06-09T10:24:16.652Z] [info] Loading the font 'https://unpkg.com/@phosphor-icons/web@2.1.1/src/bold/Phosphor-Bold.woff2' violates the following Content Security Policy directive: "font-src 'self' data: https://fonts.gstatic.com https://assets.calendly.com". The policy is report-only, so the violation has been logged but no further action has been taken.
[2026-06-09T10:24:16.652Z] [info] Loading the font 'https://unpkg.com/@phosphor-icons/web@2.1.1/src/bold/Phosphor-Bold.woff' violates the following Content Security Policy directive: "font-src 'self' data: https://fonts.gstatic.com https://assets.calendly.com". The policy is report-only, so the violation has been logged but no further action has been taken.
[2026-06-09T10:24:16.652Z] [info] Loading the font 'https://unpkg.com/@phosphor-icons/web@2.1.1/src/bold/Phosphor-Bold.ttf' violates the following Content Security Policy directive: "font-src 'self' data: https://fonts.gstatic.com https://assets.calendly.com". The policy is report-only, so the violation has been logged but no further action has been taken.
[2026-06-09T10:24:16.652Z] [info] Loading the font 'https://unpkg.com/@phosphor-icons/web@2.1.1/src/fill/Phosphor-Fill.woff2' violates the following Content Security Policy directive: "font-src 'self' data: https://fonts.gstatic.com https://assets.calendly.com". The policy is report-only, so the violation has been logged but no further action has been taken.
[2026-06-09T10:24:16.652Z] [info] Loading the font 'https://unpkg.com/@phosphor-icons/web@2.1.1/src/fill/Phosphor-Fill.woff' violates the following Content Security Policy directive: "font-src 'self' data: https://fonts.gstatic.com https://assets.calendly.com". The policy is report-only, so the violation has been logged but no further action has been taken.
[2026-06-09T10:24:16.652Z] [info] Loading the font 'https://unpkg.com/@phosphor-icons/web@2.1.1/src/fill/Phosphor-Fill.ttf' violates the following Content Security Policy directive: "font-src 'self' data: https://fonts.gstatic.com https://assets.calendly.com". The policy is report-only, so the violation has been logged but no further action has been taken.
[2026-06-09T10:24:16.652Z] [info] Loading the font 'https://unpkg.com/@phosphor-icons/web@2.1.1/src/duotone/Phosphor-Duotone.woff2' violates the following Content Security Policy directive: "font-src 'self' data: https://fonts.gstatic.com https://assets.calendly.com". The policy is report-only, so the violation has been logged but no further action has been taken.
[2026-06-09T10:24:16.652Z] [info] Loading the font 'https://unpkg.com/@phosphor-icons/web@2.1.1/src/duotone/Phosphor-Duotone.woff' violates the following Content Security Policy directive: "font-src 'self' data: https://fonts.gstatic.com https://assets.calendly.com". The policy is report-only, so the violation has been logged but no further action has been taken.
[2026-06-09T10:24:16.652Z] [info] Loading the font 'https://unpkg.com/@phosphor-icons/web@2.1.1/src/duotone/Phosphor-Duotone.ttf' violates the following Content Security Policy directive: "font-src 'self' data: https://fonts.gstatic.com https://assets.calendly.com". The policy is report-only, so the violation has been logged but no further action has been taken.
[2026-06-09T10:24:46.227Z] [error] The Content Security Policy directive 'upgrade-insecure-requests' is ignored when delivered in a report-only policy.
[2026-06-09T10:24:46.261Z] [log] JQMIGRATE: Migrate is installed, version 3.4.1
[2026-06-09T10:34:30.316Z] [error] The Content Security Policy directive 'upgrade-insecure-requests' is ignored when delivered in a report-only policy.
[2026-06-09T10:34:30.323Z] [log] JQMIGRATE: Migrate is installed, version 3.4.1
